Archive member included because of file (symbol)

contiki-sky.a(powertrace.o)   naiveflooding.co (powertrace_start)
contiki-sky.a(contiki-sky-pla)
                              obj_sky/contiki-sky-main.o (init_platform)
contiki-sky.a(button-sensor.o)
                              contiki-sky.a(contiki-sky-pla) (button_sensor)
contiki-sky.a(ds2411.o)       obj_sky/contiki-sky-main.o (ds2411_init)
contiki-sky.a(xmem.o)         obj_sky/contiki-sky-main.o (xmem_init)
contiki-sky.a(node-id.o)      obj_sky/contiki-sky-main.o (node_id_restore)
contiki-sky.a(sensors.o)      contiki-sky.a(button-sensor.o) (sensors_changed)
contiki-sky.a(cc2420.o)       obj_sky/contiki-sky-main.o (cc2420_set_pan_addr)
contiki-sky.a(cc2420-arch.o)  contiki-sky.a(cc2420.o) (cc2420_arch_init)
contiki-sky.a(uart1.o)        obj_sky/contiki-sky-main.o (uart1_active)
contiki-sky.a(uart1-putchar.o)
                              obj_sky/contiki-sky-main.o (putchar)
contiki-sky.a(msp430.o)       contiki-sky.a(uart1.o) (msp430_add_lpm_req)
contiki-sky.a(clock.o)        contiki-sky.a(powertrace.o) (clock_time)
contiki-sky.a(leds.o)         obj_sky/contiki-sky-main.o (leds_init)
contiki-sky.a(leds-arch.o)    contiki-sky.a(leds.o) (leds_arch_init)
contiki-sky.a(watchdog.o)     obj_sky/contiki-sky-main.o (watchdog_start)
contiki-sky.a(rtimer-arch.o)  obj_sky/contiki-sky-main.o (rtimer_arch_now)
contiki-sky.a(autostart.o)    obj_sky/contiki-sky-main.o (autostart_start)
contiki-sky.a(compower.o)     contiki-sky.a(powertrace.o) (compower_idle_activity)
contiki-sky.a(ctimer.o)       obj_sky/contiki-sky-main.o (ctimer_init)
contiki-sky.a(energest.o)     obj_sky/contiki-sky-main.o (energest_init)
contiki-sky.a(etimer.o)       contiki-sky.a(clock.o) (etimer_request_poll)
contiki-sky.a(process.o)      contiki-sky.a(ctimer.o) (process_current)
contiki-sky.a(rtimer.o)       obj_sky/contiki-sky-main.o (rtimer_init)
contiki-sky.a(timer.o)        obj_sky/contiki-sky-main.o (timer_set)
contiki-sky.a(serial-line.o)  naiveflooding.co (serial_line_event_message)
contiki-sky.a(list.o)         contiki-sky.a(ctimer.o) (list_init)
contiki-sky.a(memb.o)         contiki-sky.a(powertrace.o) (memb_alloc)
contiki-sky.a(random.o)       obj_sky/contiki-sky-main.o (random_init)
contiki-sky.a(ringbuf.o)      contiki-sky.a(serial-line.o) (ringbuf_init)
contiki-sky.a(broadcast.o)    naiveflooding.co (broadcast_open)
contiki-sky.a(channel.o)      contiki-sky.a(broadcast.o) (channel_set_attributes)
contiki-sky.a(rime.o)         contiki-sky.a(powertrace.o) (rime_sniffer_add)
contiki-sky.a(csma.o)         obj_sky/contiki-sky-main.o (csma_driver)
contiki-sky.a(mac.o)          contiki-sky.a(csma.o) (mac_call_sent_callback)
contiki-sky.a(nullrdc.o)      obj_sky/contiki-sky-main.o (nullrdc_driver)
contiki-sky.a(linkaddr.o)     obj_sky/contiki-sky-main.o (linkaddr_copy)
contiki-sky.a(packetbuf.o)    contiki-sky.a(cc2420.o) (packetbuf_set_datalen)
contiki-sky.a(queuebuf.o)     contiki-sky.a(rime.o) (queuebuf_init)
contiki-sky.a(contikimac-fram)
                              contiki-sky.a(nullrdc.o) (contikimac_framer)
contiki-sky.a(nullsec.o)      obj_sky/contiki-sky-main.o (nullsec_driver)
contiki-sky.a(spi.o)          contiki-sky.a(xmem.o) (spi_init)
contiki-sky.a(abc.o)          contiki-sky.a(broadcast.o) (abc_open)
contiki-sky.a(announcement.o)
                              contiki-sky.a(rime.o) (announcement_init)
contiki-sky.a(broadcast-annou)
                              contiki-sky.a(rime.o) (broadcast_announcement_init)
contiki-sky.a(chameleon.o)    contiki-sky.a(rime.o) (chameleon_init)
contiki-sky.a(framer-802154.o)
                              contiki-sky.a(contikimac-fram) (framer_802154)
contiki-sky.a(chameleon-bitop)
                              contiki-sky.a(chameleon.o) (chameleon_bitopt)
contiki-sky.a(frame802154.o)  contiki-sky.a(framer-802154.o) (frame802154_get_pan_id)
/usr/local/msp430/bin/../lib/gcc/msp430/4.7.0/mmpy-16/libgcc.a(_mulsi3.o)
                              contiki-sky.a(powertrace.o) (__mulsi3)
/usr/local/msp430/bin/../lib/gcc/msp430/4.7.0/mmpy-16/libgcc.a(_udivmod32.o)
                              obj_sky/contiki-sky-main.o (__udivsi3)
/usr/local/msp430/bin/../lib/gcc/msp430/4.7.0/../../../../msp430/lib/mmpy-16/libc.a(atoi.o)
                              naiveflooding.co (atoi)
/usr/local/msp430/bin/../lib/gcc/msp430/4.7.0/../../../../msp430/lib/mmpy-16/libc.a(printf.o)
                              naiveflooding.co (printf)
/usr/local/msp430/bin/../lib/gcc/msp430/4.7.0/../../../../msp430/lib/mmpy-16/libc.a(vuprintf.o)
                              /usr/local/msp430/bin/../lib/gcc/msp430/4.7.0/../../../../msp430/lib/mmpy-16/libc.a(printf.o) (vuprintf)
/usr/local/msp430/bin/../lib/gcc/msp430/4.7.0/../../../../msp430/lib/mmpy-16/libc.a(puts.o)
                              naiveflooding.co (puts)
/usr/local/msp430/bin/../lib/gcc/msp430/4.7.0/../../../../msp430/lib/mmpy-16/libc.a(rand.o)
                              contiki-sky.a(random.o) (rand)
[...]
Memory Configuration

Name             Origin             Length             Attributes
sfr              0x00000000         0x00000010
peripheral_8bit  0x00000010         0x000000f0
peripheral_16bit 0x00000100         0x00000100
ram_mirror       0x00000200         0x00000800         xw
infomem          0x00001000         0x00000100
infob            0x00001000         0x00000080
infoa            0x00001080         0x00000080
ram              0x00001100         0x00002800         xw
rom              0x00004000         0x0000bfe0         xr
vectors          0x0000ffe0         0x00000020
bsl              0x00000000         0x00000000
infoc            0x00000000         0x00000000
infod            0x00000000         0x00000000
ram2             0x00000000         0x00000000         xw
usbram           0x00000000         0x00000000         xw
far_rom          0x00000000         0x00000000
*default*        0x00000000         0xffffffff

Linker script and memory map

LOAD /usr/local/msp430/bin/../lib/gcc/msp430/4.7.0/mmpy-16/crt0ivtbl16.o
LOAD naiveflooding.co
LOAD obj_sky/contiki-sky-main.o
LOAD contiki-sky.a
LOAD /usr/local/msp430/bin/../lib/gcc/msp430/4.7.0/mmpy-16/libgcc.a
LOAD /usr/local/msp430/bin/../lib/gcc/msp430/4.7.0/../../../../msp430/lib/mmpy-16/libc.a
LOAD /usr/local/msp430/bin/../lib/gcc/msp430/4.7.0/mmpy-16/libgcc.a
LOAD /usr/local/msp430/bin/../lib/gcc/msp430/4.7.0/mmpy-16/libcrt0.a
                0x00000080                PROVIDE (__info_segment_size, 0x80)
                0x00001000                PROVIDE (__infob, 0x1000)
                0x00001080                PROVIDE (__infoa, 0x1080)
                0x00000000                __IE1 = 0x0
                0x00000002                __IFG1 = 0x2
                0x00000004                __ME1 = 0x4
                0x00000001                __IE2 = 0x1
                0x00000003                __IFG2 = 0x3
                0x00000005                __ME2 = 0x5
                0x00000120                __WDTCTL = 0x120
                0x00000130                __MPY = 0x130
                0x00000132                __MPYS = 0x132
                0x00000134                __MAC = 0x134
                0x00000136                __MACS = 0x136
                0x00000138                __OP2 = 0x138
                0x0000013a                __RESLO = 0x13a
                0x0000013c                __RESHI = 0x13c
                0x0000013e                __SUMEXT = 0x13e
                0x00000020                __P1IN = 0x20
                0x00000021                __P1OUT = 0x21
                0x00000022                __P1DIR = 0x22
                0x00000023                __P1IFG = 0x23
                0x00000024                __P1IES = 0x24
                0x00000025                __P1IE = 0x25
                0x00000026                __P1SEL = 0x26
                0x00000028                __P2IN = 0x28
                0x00000029                __P2OUT = 0x29
                0x0000002a                __P2DIR = 0x2a
                0x0000002b                __P2IFG = 0x2b
                0x0000002c                __P2IES = 0x2c
                0x0000002d                __P2IE = 0x2d
                0x0000002e                __P2SEL = 0x2e
                0x00000018                __P3IN = 0x18
                0x00000019                __P3OUT = 0x19
                0x0000001a                __P3DIR = 0x1a
                0x0000001b                __P3SEL = 0x1b
                0x0000001c                __P4IN = 0x1c
                0x0000001d                __P4OUT = 0x1d
                0x0000001e                __P4DIR = 0x1e
                0x0000001f                __P4SEL = 0x1f
                0x00000030                __P5IN = 0x30
                0x00000031                __P5OUT = 0x31
                0x00000032                __P5DIR = 0x32
                0x00000033                __P5SEL = 0x33
                0x00000034                __P6IN = 0x34
                0x00000035                __P6OUT = 0x35
                0x00000036                __P6DIR = 0x36
                0x00000037                __P6SEL = 0x37
                0x00000070                __U0CTL = 0x70
                0x00000071                __U0TCTL = 0x71
                0x00000072                __U0RCTL = 0x72
                0x00000073                __U0MCTL = 0x73
                0x00000074                __U0BR0 = 0x74
                0x00000075                __U0BR1 = 0x75
                0x00000076                __U0RXBUF = 0x76
                0x00000077                __U0TXBUF = 0x77
                0x00000078                __U1CTL = 0x78
                0x00000079                __U1TCTL = 0x79
                0x0000007a                __U1RCTL = 0x7a
                0x0000007b                __U1MCTL = 0x7b
                0x0000007c                __U1BR0 = 0x7c
                0x0000007d                __U1BR1 = 0x7d
                0x0000007e                __U1RXBUF = 0x7e
                0x0000007f                __U1TXBUF = 0x7f
                0x00000050                __I2CIE = 0x50
                0x00000051                __I2CIFG = 0x51
                0x00000052                __I2CNDAT = 0x52
                0x00000071                __I2CTCTL = 0x71
                0x00000072                __I2CDCTL = 0x72
                0x00000073                __I2CPSC = 0x73
                0x00000074                __I2CSCLH = 0x74
                0x00000075                __I2CSCLL = 0x75
                0x00000076                __I2CDRB = 0x76
                0x00000076                __I2CDRW = 0x76
                0x00000118                __I2COA = 0x118
                0x0000011a                __I2CSA = 0x11a
                0x0000011c                __I2CIV = 0x11c
                0x0000012e                __TAIV = 0x12e
                0x00000160                __TACTL = 0x160
                0x00000162                __TACCTL0 = 0x162
                0x00000164                __TACCTL1 = 0x164
                0x00000166                __TACCTL2 = 0x166
                0x00000170                __TAR = 0x170
                0x00000172                __TACCR0 = 0x172
                0x00000174                __TACCR1 = 0x174
                0x00000176                __TACCR2 = 0x176
                0x0000011e                __TBIV = 0x11e
                0x00000180                __TBCTL = 0x180
                0x00000182                __TBCCTL0 = 0x182
                0x00000184                __TBCCTL1 = 0x184
                0x00000186                __TBCCTL2 = 0x186
                0x00000188                __TBCCTL3 = 0x188
                0x0000018a                __TBCCTL4 = 0x18a
                0x0000018c                __TBCCTL5 = 0x18c
                0x0000018e                __TBCCTL6 = 0x18e
                0x00000190                __TBR = 0x190
                0x00000192                __TBCCR0 = 0x192
                0x00000194                __TBCCR1 = 0x194
                0x00000196                __TBCCR2 = 0x196
                0x00000198                __TBCCR3 = 0x198
                0x0000019a                __TBCCR4 = 0x19a
                0x0000019c                __TBCCR5 = 0x19c
                0x0000019e                __TBCCR6 = 0x19e
                0x00000056                __DCOCTL = 0x56
                0x00000057                __BCSCTL1 = 0x57
                0x00000058                __BCSCTL2 = 0x58
                0x00000055                __SVSCTL = 0x55
                0x00000128                __FCTL1 = 0x128
                0x0000012a                __FCTL2 = 0x12a
                0x0000012c                __FCTL3 = 0x12c
                0x00000059                __CACTL1 = 0x59
                0x0000005a                __CACTL2 = 0x5a
                0x0000005b                __CAPD = 0x5b
                0x000001a0                __ADC12CTL0 = 0x1a0
                0x000001a2                __ADC12CTL1 = 0x1a2
                0x000001a4                __ADC12IFG = 0x1a4
                0x000001a6                __ADC12IE = 0x1a6
                0x000001a8                __ADC12IV = 0x1a8
                0x00000140                __ADC12MEM0 = 0x140
                0x00000142                __ADC12MEM1 = 0x142
                0x00000144                __ADC12MEM2 = 0x144
                0x00000146                __ADC12MEM3 = 0x146
                0x00000148                __ADC12MEM4 = 0x148
                0x0000014a                __ADC12MEM5 = 0x14a
                0x0000014c                __ADC12MEM6 = 0x14c
                0x0000014e                __ADC12MEM7 = 0x14e
                0x00000150                __ADC12MEM8 = 0x150
                0x00000152                __ADC12MEM9 = 0x152
                0x00000154                __ADC12MEM10 = 0x154
                0x00000156                __ADC12MEM11 = 0x156
                0x00000158                __ADC12MEM12 = 0x158
                0x0000015a                __ADC12MEM13 = 0x15a
                0x0000015c                __ADC12MEM14 = 0x15c
                0x0000015e                __ADC12MEM15 = 0x15e
                0x00000080                __ADC12MCTL0 = 0x80
                0x00000081                __ADC12MCTL1 = 0x81
                0x00000082                __ADC12MCTL2 = 0x82
                0x00000083                __ADC12MCTL3 = 0x83
                0x00000084                __ADC12MCTL4 = 0x84
                0x00000085                __ADC12MCTL5 = 0x85
                0x00000086                __ADC12MCTL6 = 0x86
                0x00000087                __ADC12MCTL7 = 0x87
                0x00000088                __ADC12MCTL8 = 0x88
                0x00000089                __ADC12MCTL9 = 0x89
                0x0000008a                __ADC12MCTL10 = 0x8a
                0x0000008b                __ADC12MCTL11 = 0x8b
                0x0000008c                __ADC12MCTL12 = 0x8c
                0x0000008d                __ADC12MCTL13 = 0x8d
                0x0000008e                __ADC12MCTL14 = 0x8e
                0x0000008f                __ADC12MCTL15 = 0x8f
                0x000001c0                __DAC12_0CTL = 0x1c0
                0x000001c2                __DAC12_1CTL = 0x1c2
                0x000001c8                __DAC12_0DAT = 0x1c8
                0x000001ca                __DAC12_1DAT = 0x1ca
                0x00000122                __DMACTL0 = 0x122
                0x00000124                __DMACTL1 = 0x124
                0x000001e0                __DMA0CTL = 0x1e0
                0x000001e8                __DMA1CTL = 0x1e8
                0x000001f0                __DMA2CTL = 0x1f0
                0x000001e2                __DMA0SA = 0x1e2
                0x000001e4                __DMA0DA = 0x1e4
                0x000001e6                __DMA0SZ = 0x1e6
                0x000001ea                __DMA1SA = 0x1ea
                0x000001ec                __DMA1DA = 0x1ec
                0x000001ee                __DMA1SZ = 0x1ee
                0x000001f2                __DMA2SA = 0x1f2
                0x000001f4                __DMA2DA = 0x1f4
                0x000001f6                __DMA2SZ = 0x1f6

.hash
 *(.hash)

.dynsym
 *(.dynsym)

.dynstr
 *(.dynstr)

.gnu.version
 *(.gnu.version)

.gnu.version_d
 *(.gnu.version_d)

.gnu.version_r
 *(.gnu.version_r)

.rel.init
 *(.rel.init)

.rela.init
 *(.rela.init)

.rel.fini
 *(.rel.fini)

.rela.fini
 *(.rela.fini)

.rel.text
 *(.rel.text .rel.text.* .rel.gnu.linkonce.t.*)

.rela.text
 *(.rela.text .rela.text.* .rela.gnu.linkonce.t.*)

.rel.rodata
 *(.rel.rodata .rel.rodata.* .rel.gnu.linkonce.r.*)

.rela.rodata
 *(.rela.rodata .rela.rodata.* .rela.gnu.linkonce.r.*)

.rel.data
 *(.rel.data .rel.data.* .rel.gnu.linkonce.d.*)

.rela.data
 *(.rela.data .rela.data.* .rela.gnu.linkonce.d.*)

.rel.bss
 *(.rel.bss .rel.bss.* .rel.gnu.linkonce.b.*)

.rela.bss
 *(.rela.bss .rela.bss.* .rela.gnu.linkonce.b.*)

.rel.ctors
 *(.rel.ctors)

.rela.ctors
 *(.rela.ctors)

.rel.dtors
 *(.rel.dtors)

.rela.dtors
 *(.rela.dtors)

.rel.got
 *(.rel.got)

.rela.got
 *(.rela.got)

.rel.plt
 *(.rel.plt)

.rela.plt
 *(.rela.plt)

.text           0x00004000     0x5450
                0x00004000                . = ALIGN (0x2)
 *(.init .init.*)
 *(.init0)
 .init0         0x00004000        0x0 /usr/local/msp430/bin/../lib/gcc/msp430/4.7.0/mmpy-16/libcrt0.a(_reset_vector__.o)
                0x00004000                _reset_vector__
 *(.init1)
 .init1         0x00004000        0xc /usr/local/msp430/bin/../lib/gcc/msp430/4.7.0/mmpy-16/libcrt0.a(__watchdog_support.o)
                0x00004000                __watchdog_support
 *(.init2)
 .init2         0x0000400c        0x4 /usr/local/msp430/bin/../lib/gcc/msp430/4.7.0/mmpy-16/libcrt0.a(__init_stack.o)
                0x0000400c                __init_stack
 *(.init3)
 .init3         0x00004010        0x0 /usr/local/msp430/bin/../lib/gcc/msp430/4.7.0/mmpy-16/libcrt0.a(__low_level_init.o)
                0x00004010                __low_level_init
 *(.init4)
 .init4         0x00004010       0x18 /usr/local/msp430/bin/../lib/gcc/msp430/4.7.0/mmpy-16/libcrt0.a(_copy_data.o)
                0x00004010                __do_copy_data
 .init4         0x00004028       0x16 /usr/local/msp430/bin/../lib/gcc/msp430/4.7.0/mmpy-16/libcrt0.a(_clear_bss.o)
                0x00004028                __do_clear_bss
 *(.init5)
 *(.init6)
 *(.init7)
 *(.init8)
 *(.init9)
 .init9         0x0000403e      0x2d8 obj_sky/contiki-sky-main.o
                0x0000403e                main
 *(.fini9)
 .fini9         0x00004316        0x0 /usr/local/msp430/bin/../lib/gcc/msp430/4.7.0/mmpy-16/libcrt0.a(__stop_progExec__.o)
                0x00004316                __stop_progExec__
 *(.fini8)
 *(.fini7)
 *(.fini6)
 *(.fini5)
 *(.fini4)
 *(.fini3)
 *(.fini2)
 *(.fini1)
 *(.fini0)
 .fini0         0x00004316        0x6 /usr/local/msp430/bin/../lib/gcc/msp430/4.7.0/mmpy-16/libcrt0.a(_endless_loop__.o)
                0x00004316                _endless_loop__
 *(.fini .fini.*)
                0x0000431c                . = ALIGN (0x2)
                0x0000431c                __ctors_start = .
 *(.ctors)
                0x0000431c                __ctors_end = .
                0x0000431c                __dtors_start = .
 *(.dtors)
                0x0000431c                __dtors_end = .
                0x0000431c                . = ALIGN (0x2)
 *(.text .text.* .gnu.linkonce.t.*)
 .text          0x0000431c        0x4 /usr/local/msp430/bin/../lib/gcc/msp430/4.7.0/mmpy-16/crt0ivtbl16.o
                0x0000431c                __isr_14
                0x0000431c                __isr_11
                0x0000431c                __isr_2
                0x0000431c                __isr_7
                0x0000431c                __isr_0
                0x0000431c                __isr_8
                0x0000431c                __isr_3
                0x0000431c                __isr_12
                0x0000431c                __isr_13
                0x0000431c                __isr_9
 .text.process_thread_main_process
                0x00004320       0xd2 naiveflooding.co
 .text.request_message
                0x000043f2       0x12 naiveflooding.co
 .text.broadcast_recv
                0x00004404       0x80 naiveflooding.co
 .text.sniffprint
                0x00004484       0x72 contiki-sky.a(powertrace.o)
 .text.output_printsniffer
                0x000044f6       0x16 contiki-sky.a(powertrace.o)
 .text.add_stats
                0x0000450c       0x56 contiki-sky.a(powertrace.o)
 .text.add_packet_stats
                0x00004562       0x5e contiki-sky.a(powertrace.o)
 .text.output_sniffer
                0x000045c0        0x8 contiki-sky.a(powertrace.o)
 .text.input_sniffer
                0x000045c8        0x8 contiki-sky.a(powertrace.o)
 .text.input_printsniffer
                0x000045d0       0x70 contiki-sky.a(powertrace.o)
 .text.powertrace_print
                0x00004640      0x7b0 contiki-sky.a(powertrace.o)
                0x00004640                powertrace_print
 .text.process_thread_powertrace_process
                0x00004df0       0x60 contiki-sky.a(powertrace.o)
 .text.powertrace_start
                0x00004e50       0x18 contiki-sky.a(powertrace.o)
                0x00004e50                powertrace_start
 .text.init_platform
                0x00004e68        0xc contiki-sky.a(contiki-sky-pla)
                0x00004e68                init_platform
 .text.status   0x00004e74       0x18 contiki-sky.a(button-sensor.o)
 .text.value    0x00004e8c       0x20 contiki-sky.a(button-sensor.o)
 .text.configure
                0x00004eac       0x4c contiki-sky.a(button-sensor.o)
 .text.irq_p2   0x00004ef8       0x88 contiki-sky.a(button-sensor.o)
                0x00004ef8                irq_p2
                0x00004ef8                __isr_1
 .text.owreadb  0x00004f80       0x50 contiki-sky.a(ds2411.o)
 .text.ds2411_init
                0x00004fd0      0x120 contiki-sky.a(ds2411.o)
                0x00004fd0                ds2411_init
 .text.wait_ready
                0x000050f0       0x4a contiki-sky.a(xmem.o)
 .text.xmem_init
                0x0000513a       0x3c contiki-sky.a(xmem.o)
                0x0000513a                xmem_init
 .text.xmem_pread
                0x00005176       0xe0 contiki-sky.a(xmem.o)
                0x00005176                xmem_pread
 .text.node_id_restore
                0x00005256       0x38 contiki-sky.a(node-id.o)
                0x00005256                node_id_restore
 .text.process_thread_sensors_process
                0x0000528e       0xc2 contiki-sky.a(sensors.o)
 .text.sensors_changed
                0x00005350       0x2a contiki-sky.a(sensors.o)
                0x00005350                sensors_changed
 .text.get_object
                0x0000537a        0x4 contiki-sky.a(cc2420.o)
 .text.set_object
                0x0000537e        0x4 contiki-sky.a(cc2420.o)
 .text.strobe   0x00005382       0x1c contiki-sky.a(cc2420.o)
 .text.getreg   0x0000539e       0x4c contiki-sky.a(cc2420.o)
 .text.setreg   0x000053ea       0x4c contiki-sky.a(cc2420.o)
 .text.write_ram
                0x00005436       0x7c contiki-sky.a(cc2420.o)
 .text.write_fifo_buf
                0x000054b2       0x3c contiki-sky.a(cc2420.o)
 .text.get_status
                0x000054ee       0x20 contiki-sky.a(cc2420.o)
 .text.set_txpower
                0x0000550e       0x24 contiki-sky.a(cc2420.o)
 .text.cc2420_receiving_packet
                0x00005532        0xc contiki-sky.a(cc2420.o)
 .text.pending_packet
                0x0000553e        0x8 contiki-sky.a(cc2420.o)
 .text.on       0x00005546       0x26 contiki-sky.a(cc2420.o)
 .text.wait_for_transmission
                0x0000556c       0x22 contiki-sky.a(cc2420.o)
 .text.wait_for_status
                0x0000558e       0x28 contiki-sky.a(cc2420.o)
 .text.getrxdata
                0x000055b6       0x50 contiki-sky.a(cc2420.o)
 .text.flushrx  0x00005606       0x1a contiki-sky.a(cc2420.o)
 .text.off      0x00005620       0x5e contiki-sky.a(cc2420.o)
 .text.RELEASE_LOCK
                0x0000567e       0x28 contiki-sky.a(cc2420.o)
 .text.set_key  0x000056a6       0x18 contiki-sky.a(cc2420.o)
 .text.set_frame_filtering
                0x000056be       0x30 contiki-sky.a(cc2420.o)
 .text.set_auto_ack
                0x000056ee       0x30 contiki-sky.a(cc2420.o)
 .text.set_poll_mode
                0x0000571e       0x2c contiki-sky.a(cc2420.o)
 .text.cc2420_prepare
                0x0000574a       0x3c contiki-sky.a(cc2420.o)
 .text.cc2420_on
                0x00005786       0x22 contiki-sky.a(cc2420.o)
                0x00005786                cc2420_on
 .text.cc2420_off
                0x000057a8       0x30 contiki-sky.a(cc2420.o)
                0x000057a8                cc2420_off
 .text.cc2420_cca
                0x000057d8       0x68 contiki-sky.a(cc2420.o)
 .text.cc2420_read
                0x00005840       0xbc contiki-sky.a(cc2420.o)
 .text.process_thread_cc2420_process
                0x000058fc       0x5c contiki-sky.a(cc2420.o)
 .text.encrypt  0x00005958       0x88 contiki-sky.a(cc2420.o)
 .text.cc2420_set_channel
                0x000059e0       0x3c contiki-sky.a(cc2420.o)
                0x000059e0                cc2420_set_channel
 .text.cc2420_set_pan_addr
                0x00005a1c       0x4c contiki-sky.a(cc2420.o)
                0x00005a1c                cc2420_set_pan_addr
 .text.cc2420_interrupt
                0x00005a68       0x16 contiki-sky.a(cc2420.o)
                0x00005a68                cc2420_interrupt
 .text.cc2420_set_txpower
                0x00005a7e        0xe contiki-sky.a(cc2420.o)
                0x00005a7e                cc2420_set_txpower
 .text.cc2420_get_txpower
                0x00005a8c       0x1e contiki-sky.a(cc2420.o)
                0x00005a8c                cc2420_get_txpower
 .text.cc2420_transmit
                0x00005aaa      0x136 contiki-sky.a(cc2420.o)
 .text.cc2420_send
                0x00005be0       0x12 contiki-sky.a(cc2420.o)
 .text.cc2420_rssi
                0x00005bf2       0x4c contiki-sky.a(cc2420.o)
                0x00005bf2                cc2420_rssi
 .text.get_value
                0x00005c3e      0x104 contiki-sky.a(cc2420.o)
 .text.cc2420_set_cca_threshold
                0x00005d42       0x16 contiki-sky.a(cc2420.o)
                0x00005d42                cc2420_set_cca_threshold
 .text.set_value
                0x00005d58       0xb8 contiki-sky.a(cc2420.o)
 .text.cc2420_init
                0x00005e10       0xea contiki-sky.a(cc2420.o)
                0x00005e10                cc2420_init
 .text.cc2420_port1_interrupt
                0x00005efa       0x62 contiki-sky.a(cc2420-arch.o)
                0x00005efa                __isr_4
                0x00005efa                cc2420_port1_interrupt
 .text.cc2420_arch_init
                0x00005f5c       0x1a contiki-sky.a(cc2420-arch.o)
                0x00005f5c                cc2420_arch_init
 .text.handle_rxdma_timer
                0x00005f76       0x3a contiki-sky.a(uart1.o)
 .text.uart1_active
                0x00005fb0       0x18 contiki-sky.a(uart1.o)
                0x00005fb0                uart1_active
 .text.uart1_set_input
                0x00005fc8       0x20 contiki-sky.a(uart1.o)
                0x00005fc8                uart1_set_input
 .text.uart1_writeb
                0x00005fe8       0x18 contiki-sky.a(uart1.o)
                0x00005fe8                uart1_writeb
 .text.uart1_init
                0x00006000       0xf4 contiki-sky.a(uart1.o)
                0x00006000                uart1_init
 .text.putchar  0x000060f4       0x10 contiki-sky.a(uart1-putchar.o)
                0x000060f4                putchar
 .text.msp430_init_dco
                0x00006104       0x82 contiki-sky.a(msp430.o)
                0x00006104                msp430_init_dco
 .text.msp430_add_lpm_req
                0x00006186        0xc contiki-sky.a(msp430.o)
                0x00006186                msp430_add_lpm_req
 .text.msp430_cpu_init
                0x00006192       0x2a contiki-sky.a(msp430.o)
                0x00006192                msp430_cpu_init
 .text.splhigh_
                0x000061bc        0x8 contiki-sky.a(msp430.o)
                0x000061bc                splhigh_
 .text.msp430_sync_dco
                0x000061c4       0x6c contiki-sky.a(msp430.o)
                0x000061c4                msp430_sync_dco
 .text.timera1  0x00006230      0x11e contiki-sky.a(clock.o)
                0x00006230                __isr_5
                0x00006230                timera1
 .text.clock_time
                0x0000634e       0x1a contiki-sky.a(clock.o)
                0x0000634e                clock_time
 .text.clock_init
                0x00006368       0x28 contiki-sky.a(clock.o)
                0x00006368                clock_init
 .text.clock_delay
                0x00006390        0xc contiki-sky.a(clock.o)
                0x00006390                clock_delay
 .text.show_leds
                0x0000639c       0xf0 contiki-sky.a(leds.o)
 .text.leds_init
                0x0000648c        0xa contiki-sky.a(leds.o)
                0x0000648c                leds_init
 .text.leds_on  0x00006496        0xa contiki-sky.a(leds.o)
                0x00006496                leds_on
 .text.leds_off
                0x000064a0        0xe contiki-sky.a(leds.o)
                0x000064a0                leds_off
 .text.leds_arch_init
                0x000064ae        0xe contiki-sky.a(leds-arch.o)
                0x000064ae                leds_arch_init
 .text.leds_arch_set
                0x000064bc       0x38 contiki-sky.a(leds-arch.o)
                0x000064bc                leds_arch_set
 .text.watchdog_interrupt
                0x000064f4        0x6 contiki-sky.a(watchdog.o)
                0x000064f4                __isr_10
                0x000064f4                watchdog_interrupt
 .text.watchdog_start
                0x000064fa       0x14 contiki-sky.a(watchdog.o)
                0x000064fa                watchdog_start
 .text.watchdog_periodic
                0x0000650e       0x12 contiki-sky.a(watchdog.o)
                0x0000650e                watchdog_periodic
 .text.watchdog_stop
                0x00006520       0x16 contiki-sky.a(watchdog.o)
                0x00006520                watchdog_stop
 .text.watchdog_init
                0x00006536       0x12 contiki-sky.a(watchdog.o)
                0x00006536                watchdog_init
 .text.rtimer_arch_init
                0x00006548        0xe contiki-sky.a(rtimer-arch.o)
                0x00006548                rtimer_arch_init
 .text.rtimer_arch_now
                0x00006556        0xe contiki-sky.a(rtimer-arch.o)
                0x00006556                rtimer_arch_now
 .text.timera0  0x00006564       0x70 contiki-sky.a(rtimer-arch.o)
                0x00006564                __isr_6
                0x00006564                timera0
 .text.rtimer_arch_schedule
                0x000065d4        0x6 contiki-sky.a(rtimer-arch.o)
                0x000065d4                rtimer_arch_schedule
 .text.autostart_start
                0x000065da       0x16 contiki-sky.a(autostart.o)
                0x000065da                autostart_start
 .text.process_thread_ctimer_process
                0x000065f0       0xa8 contiki-sky.a(ctimer.o)
 .text.ctimer_init
                0x00006698       0x18 contiki-sky.a(ctimer.o)
                0x00006698                ctimer_init
 .text.ctimer_set_with_process
                0x000066b0       0x4e contiki-sky.a(ctimer.o)
                0x000066b0                ctimer_set_with_process
 .text.ctimer_set
                0x000066fe       0x10 contiki-sky.a(ctimer.o)
                0x000066fe                ctimer_set
 .text.ctimer_reset
                0x0000670e       0x30 contiki-sky.a(ctimer.o)
                0x0000670e                ctimer_reset
 .text.ctimer_restart
                0x0000673e       0x30 contiki-sky.a(ctimer.o)
                0x0000673e                ctimer_restart
 .text.ctimer_stop
                0x0000676e       0x28 contiki-sky.a(ctimer.o)
                0x0000676e                ctimer_stop
 .text.energest_init
                0x00006796       0x26 contiki-sky.a(energest.o)
                0x00006796                energest_init
 .text.energest_type_time
                0x000067bc       0x48 contiki-sky.a(energest.o)
                0x000067bc                energest_type_time
 .text.energest_type_set
                0x00006804        0xe contiki-sky.a(energest.o)
                0x00006804                energest_type_set
 .text.energest_flush
                0x00006812       0x48 contiki-sky.a(energest.o)
                0x00006812                energest_flush
 .text.update_time
                0x0000685a       0x78 contiki-sky.a(etimer.o)
 .text.etimer_request_poll
                0x000068d2        0xa contiki-sky.a(etimer.o)
                0x000068d2                etimer_request_poll
 .text.process_thread_etimer_process
                0x000068dc       0xcc contiki-sky.a(etimer.o)
 .text.add_timer
                0x000069a8       0x40 contiki-sky.a(etimer.o)
 .text.etimer_set
                0x000069e8       0x12 contiki-sky.a(etimer.o)
                0x000069e8                etimer_set
 .text.etimer_reset
                0x000069fa       0x12 contiki-sky.a(etimer.o)
                0x000069fa                etimer_reset
 .text.etimer_restart
                0x00006a0c       0x12 contiki-sky.a(etimer.o)
                0x00006a0c                etimer_restart
 .text.etimer_expired
                0x00006a1e        0xe contiki-sky.a(etimer.o)
                0x00006a1e                etimer_expired
 .text.etimer_pending
                0x00006a2c        0xc contiki-sky.a(etimer.o)
                0x00006a2c                etimer_pending
 .text.etimer_next_expiration_time
                0x00006a38       0x16 contiki-sky.a(etimer.o)
                0x00006a38                etimer_next_expiration_time
 .text.etimer_stop
                0x00006a4e       0x3e contiki-sky.a(etimer.o)
                0x00006a4e                etimer_stop
 .text.call_process
                0x00006a8c       0x46 contiki-sky.a(process.o)
 .text.exit_process
                0x00006ad2       0x96 contiki-sky.a(process.o)
 .text.do_poll  0x00006b68       0x30 contiki-sky.a(process.o)
 .text.process_alloc_event
                0x00006b98        0xe contiki-sky.a(process.o)
                0x00006b98                process_alloc_event
 .text.process_init
                0x00006ba6       0x1c contiki-sky.a(process.o)
                0x00006ba6                process_init
 .text.process_run
                0x00006bc2       0x92 contiki-sky.a(process.o)
                0x00006bc2                process_run
 .text.process_nevents
                0x00006c54        0xe contiki-sky.a(process.o)
                0x00006c54                process_nevents
 .text.process_post
                0x00006c62       0x4e contiki-sky.a(process.o)
                0x00006c62                process_post
 .text.process_post_synch
                0x00006cb0       0x12 contiki-sky.a(process.o)
                0x00006cb0                process_post_synch
 .text.process_start
                0x00006cc2       0x36 contiki-sky.a(process.o)
                0x00006cc2                process_start
 .text.process_poll
                0x00006cf8       0x18 contiki-sky.a(process.o)
                0x00006cf8                process_poll
 .text.rtimer_init
                0x00006d10        0x6 contiki-sky.a(rtimer.o)
                0x00006d10                rtimer_init
 .text.rtimer_run_next
                0x00006d16       0x26 contiki-sky.a(rtimer.o)
                0x00006d16                rtimer_run_next
 .text.timer_set
                0x00006d3c       0x1c contiki-sky.a(timer.o)
                0x00006d3c                timer_set
 .text.timer_reset
                0x00006d58        0xe contiki-sky.a(timer.o)
                0x00006d58                timer_reset
 .text.timer_restart
                0x00006d66       0x14 contiki-sky.a(timer.o)
                0x00006d66                timer_restart
 .text.timer_expired
                0x00006d7a       0x2a contiki-sky.a(timer.o)
                0x00006d7a                timer_expired
 .text.process_thread_serial_line_process
                0x00006da4       0x9e contiki-sky.a(serial-line.o)
 .text.serial_line_input_byte
                0x00006e42       0x4a contiki-sky.a(serial-line.o)
                0x00006e42                serial_line_input_byte
 .text.serial_line_init
                0x00006e8c       0x1c contiki-sky.a(serial-line.o)
                0x00006e8c                serial_line_init
 .text.list_init
                0x00006ea8        0x6 contiki-sky.a(list.o)
                0x00006ea8                list_init
 .text.list_head
                0x00006eae        0x4 contiki-sky.a(list.o)
                0x00006eae                list_head
 .text.list_tail
                0x00006eb2       0x12 contiki-sky.a(list.o)
                0x00006eb2                list_tail
 .text.list_remove
                0x00006ec4       0x34 contiki-sky.a(list.o)
                0x00006ec4                list_remove
 .text.list_push
                0x00006ef8       0x1a contiki-sky.a(list.o)
                0x00006ef8                list_push
 .text.list_add
                0x00006f12       0x2a contiki-sky.a(list.o)
                0x00006f12                list_add
 .text.list_length
                0x00006f3c       0x10 contiki-sky.a(list.o)
                0x00006f3c                list_length
 .text.list_item_next
                0x00006f4c        0xc contiki-sky.a(list.o)
                0x00006f4c                list_item_next
 .text.memb_init
                0x00006f58       0x36 contiki-sky.a(memb.o)
                0x00006f58                memb_init
 .text.memb_alloc
                0x00006f8e       0x3e contiki-sky.a(memb.o)
                0x00006f8e                memb_alloc
 .text.memb_free
                0x00006fcc       0x3a contiki-sky.a(memb.o)
                0x00006fcc                memb_free
 .text.memb_inmemb
                0x00007006       0x2a contiki-sky.a(memb.o)
                0x00007006                memb_inmemb
 .text.random_init
                0x00007030        0x6 contiki-sky.a(random.o)
                0x00007030                random_init
 .text.random_rand
                0x00007036        0x6 contiki-sky.a(random.o)
                0x00007036                random_rand
 .text.ringbuf_init
                0x0000703c       0x14 contiki-sky.a(ringbuf.o)
                0x0000703c                ringbuf_init
 .text.ringbuf_put
                0x00007050       0x38 contiki-sky.a(ringbuf.o)
                0x00007050                ringbuf_put
 .text.ringbuf_get
                0x00007088       0x32 contiki-sky.a(ringbuf.o)
                0x00007088                ringbuf_get
 .text.sent_by_abc
                0x000070ba       0x10 contiki-sky.a(broadcast.o)
 .text.recv_from_abc
                0x000070ca       0x26 contiki-sky.a(broadcast.o)
 .text.broadcast_open
                0x000070f0       0x2a contiki-sky.a(broadcast.o)
                0x000070f0                broadcast_open
 .text.broadcast_close
                0x0000711a        0x6 contiki-sky.a(broadcast.o)
                0x0000711a                broadcast_close
 .text.broadcast_send
                0x00007120       0x1a contiki-sky.a(broadcast.o)
                0x00007120                broadcast_send
 .text.channel_init
                0x0000713a        0xa contiki-sky.a(channel.o)
                0x0000713a                channel_init
 .text.channel_open
                0x00007144       0x10 contiki-sky.a(channel.o)
                0x00007144                channel_open
 .text.channel_close
                0x00007154        0xc contiki-sky.a(channel.o)
                0x00007154                channel_close
 .text.channel_lookup
                0x00007160       0x20 contiki-sky.a(channel.o)
                0x00007160                channel_lookup
 .text.channel_set_attributes
                0x00007180       0x24 contiki-sky.a(channel.o)
                0x00007180                channel_set_attributes
 .text.input    0x000071a4       0x3a contiki-sky.a(rime.o)
 .text.init     0x000071de       0x2e contiki-sky.a(rime.o)
 .text.packet_sent
                0x0000720c       0x44 contiki-sky.a(rime.o)
 .text.rime_output
                0x00007250       0x24 contiki-sky.a(rime.o)
                0x00007250                rime_output
 .text.input_packet
                0x00007274        0x6 contiki-sky.a(csma.o)
 .text.on       0x0000727a        0x6 contiki-sky.a(csma.o)
 .text.off      0x00007280        0x6 contiki-sky.a(csma.o)
 .text.channel_check_interval
                0x00007286       0x10 contiki-sky.a(csma.o)
 .text.transmit_packet_list
                0x00007296       0x24 contiki-sky.a(csma.o)
 .text.schedule_transmission
                0x000072ba       0x94 contiki-sky.a(csma.o)
 .text.init     0x0000734e       0x1a contiki-sky.a(csma.o)
 .text.tx_done  0x00007368       0x98 contiki-sky.a(csma.o)
 .text.send_packet
                0x00007400      0x170 contiki-sky.a(csma.o)
 .text.packet_sent
                0x00007570       0xd6 contiki-sky.a(csma.o)
 .text.mac_call_sent_callback
                0x00007646       0x14 contiki-sky.a(mac.o)
                0x00007646                mac_call_sent_callback
 .text.on       0x0000765a        0x6 contiki-sky.a(nullrdc.o)
 .text.channel_check_interval
                0x00007660        0x4 contiki-sky.a(nullrdc.o)
 .text.init     0x00007664        0x6 contiki-sky.a(nullrdc.o)
 .text.off      0x0000766a       0x10 contiki-sky.a(nullrdc.o)
 .text.packet_input
                0x0000767a       0x28 contiki-sky.a(nullrdc.o)
 .text.send_one_packet
                0x000076a2       0x6a contiki-sky.a(nullrdc.o)
 .text.send_list
                0x0000770c       0x30 contiki-sky.a(nullrdc.o)
 .text.send_packet
                0x0000773c        0x6 contiki-sky.a(nullrdc.o)
 .text.linkaddr_copy
                0x00007742        0xc contiki-sky.a(linkaddr.o)
                0x00007742                linkaddr_copy
 .text.linkaddr_cmp
                0x0000774e       0x12 contiki-sky.a(linkaddr.o)
                0x0000774e                linkaddr_cmp
 .text.linkaddr_set_node_addr
                0x00007760        0xc contiki-sky.a(linkaddr.o)
                0x00007760                linkaddr_set_node_addr
 .text.packetbuf_hdrreduce
                0x0000776c       0x1a contiki-sky.a(packetbuf.o)
                0x0000776c                packetbuf_hdrreduce
 .text.packetbuf_set_datalen
                0x00007786        0x6 contiki-sky.a(packetbuf.o)
                0x00007786                packetbuf_set_datalen
 .text.packetbuf_hdrptr
                0x0000778c        0x6 contiki-sky.a(packetbuf.o)
                0x0000778c                packetbuf_hdrptr
 .text.packetbuf_datalen
                0x00007792        0x6 contiki-sky.a(packetbuf.o)
                0x00007792                packetbuf_datalen
 .text.packetbuf_hdrlen
                0x00007798        0xa contiki-sky.a(packetbuf.o)
                0x00007798                packetbuf_hdrlen
 .text.packetbuf_dataptr
                0x000077a2        0xc contiki-sky.a(packetbuf.o)
                0x000077a2                packetbuf_dataptr
 .text.packetbuf_copyto
                0x000077ae       0x46 contiki-sky.a(packetbuf.o)
                0x000077ae                packetbuf_copyto
 .text.packetbuf_compact
                0x000077f4       0x44 contiki-sky.a(packetbuf.o)
                0x000077f4                packetbuf_compact
 .text.packetbuf_totlen
                0x00007838        0xc contiki-sky.a(packetbuf.o)
                0x00007838                packetbuf_totlen
 .text.packetbuf_hdralloc
                0x00007844       0x3c contiki-sky.a(packetbuf.o)
                0x00007844                packetbuf_hdralloc
 .text.packetbuf_attr_clear
                0x00007880       0x2c contiki-sky.a(packetbuf.o)
                0x00007880                packetbuf_attr_clear
 .text.packetbuf_clear
                0x000078ac       0x12 contiki-sky.a(packetbuf.o)
                0x000078ac                packetbuf_clear
 .text.packetbuf_copyfrom
                0x000078be       0x2e contiki-sky.a(packetbuf.o)
                0x000078be                packetbuf_copyfrom
 .text.packetbuf_attr_copyto
                0x000078ec       0x20 contiki-sky.a(packetbuf.o)
                0x000078ec                packetbuf_attr_copyto
 .text.packetbuf_attr_copyfrom
                0x0000790c       0x22 contiki-sky.a(packetbuf.o)
                0x0000790c                packetbuf_attr_copyfrom
 .text.packetbuf_holds_broadcast
                0x0000792e        0xe contiki-sky.a(packetbuf.o)
                0x0000792e                packetbuf_holds_broadcast
 .text.queuebuf_init
                0x0000793c       0x12 contiki-sky.a(queuebuf.o)
                0x0000793c                queuebuf_init
 .text.queuebuf_new_from_packetbuf
                0x0000794e       0x52 contiki-sky.a(queuebuf.o)
                0x0000794e                queuebuf_new_from_packetbuf
 .text.queuebuf_update_attr_from_packetbuf
                0x000079a0       0x12 contiki-sky.a(queuebuf.o)
                0x000079a0                queuebuf_update_attr_from_packetbuf
 .text.queuebuf_free
                0x000079b2       0x2a contiki-sky.a(queuebuf.o)
                0x000079b2                queuebuf_free
 .text.queuebuf_to_packetbuf
                0x000079dc       0x32 contiki-sky.a(queuebuf.o)
                0x000079dc                queuebuf_to_packetbuf
 .text.queuebuf_attr
                0x00007a0e        0xe contiki-sky.a(queuebuf.o)
                0x00007a0e                queuebuf_attr
 .text.hdr_length
                0x00007a1c        0x8 contiki-sky.a(contikimac-fram)
 .text.parse    0x00007a24       0x3a contiki-sky.a(contikimac-fram)
 .text.create   0x00007a5e       0x74 contiki-sky.a(contikimac-fram)
 .text.init     0x00007ad2        0x2 contiki-sky.a(nullsec.o)
 .text.send     0x00007ad4        0xa contiki-sky.a(nullsec.o)
 .text.input    0x00007ade        0x6 contiki-sky.a(nullsec.o)
 .text.spi_init
                0x00007ae4       0x30 contiki-sky.a(spi.o)
                0x00007ae4                spi_init
 .text.abc_open
                0x00007b14       0x26 contiki-sky.a(abc.o)
                0x00007b14                abc_open
 .text.abc_close
                0x00007b3a        0x6 contiki-sky.a(abc.o)
                0x00007b3a                abc_close
 .text.abc_send
                0x00007b40        0x6 contiki-sky.a(abc.o)
                0x00007b40                abc_send
 .text.abc_input
                0x00007b46        0xe contiki-sky.a(abc.o)
                0x00007b46                abc_input
 .text.abc_sent
                0x00007b54       0x10 contiki-sky.a(abc.o)
                0x00007b54                abc_sent
 .text.announcement_init
                0x00007b64        0xa contiki-sky.a(announcement.o)
                0x00007b64                announcement_init
 .text.announcement_register_observer_callback
                0x00007b6e        0x6 contiki-sky.a(announcement.o)
                0x00007b6e                announcement_register_observer_callback
 .text.announcement_list
                0x00007b74        0xa contiki-sky.a(announcement.o)
                0x00007b74                announcement_list
 .text.announcement_heard
                0x00007b7e       0x42 contiki-sky.a(announcement.o)
                0x00007b7e                announcement_heard
 .text.adv_packet_sent
                0x00007bc0        0x2 contiki-sky.a(broadcast-annou)
 .text.adv_packet_received
                0x00007bc2       0x64 contiki-sky.a(broadcast-annou)
 .text.set_timers
                0x00007c26       0x4a contiki-sky.a(broadcast-annou)
 .text.send_timer
                0x00007c70       0x32 contiki-sky.a(broadcast-annou)
 .text.send_adv
                0x00007ca2       0x66 contiki-sky.a(broadcast-annou)
 .text.new_announcement
                0x00007d08       0x18 contiki-sky.a(broadcast-annou)
 .text.broadcast_announcement_init
                0x00007d20       0x48 contiki-sky.a(broadcast-annou)
                0x00007d20                broadcast_announcement_init
 .text.chameleon_init
                0x00007d68        0x6 contiki-sky.a(chameleon.o)
                0x00007d68                chameleon_init
 .text.chameleon_parse
                0x00007d6e       0x10 contiki-sky.a(chameleon.o)
                0x00007d6e                chameleon_parse
 .text.chameleon_create
                0x00007d7e       0x1c contiki-sky.a(chameleon.o)
                0x00007d7e                chameleon_create
 .text.chameleon_hdrsize
                0x00007d9a        0x6 contiki-sky.a(chameleon.o)
                0x00007d9a                chameleon_hdrsize
 .text.create_frame.isra.0
                0x00007da0      0x114 contiki-sky.a(framer-802154.o)
 .text.create   0x00007eb4        0x8 contiki-sky.a(framer-802154.o)
 .text.hdr_length
                0x00007ebc        0x8 contiki-sky.a(framer-802154.o)
 .text.parse    0x00007ec4       0xa8 contiki-sky.a(framer-802154.o)
 .text.get_bits_in_byte
                0x00007f6c       0x3a contiki-sky.a(chameleon-bitop)
 .text.header_size
                0x00007fa6       0x16 contiki-sky.a(chameleon-bitop)
 .text.get_bits
                0x00007fbc       0xa2 contiki-sky.a(chameleon-bitop)
                0x00007fbc                get_bits
 .text.unpack_header
                0x0000805e       0xd8 contiki-sky.a(chameleon-bitop)
 .text.set_bits
                0x00008136      0x124 contiki-sky.a(chameleon-bitop)
                0x00008136                set_bits
 .text.pack_header
                0x0000825a       0xc6 contiki-sky.a(chameleon-bitop)
 .text.frame802154_get_pan_id
                0x00008320        0x6 contiki-sky.a(frame802154.o)
                0x00008320                frame802154_get_pan_id
 .text.frame802154_has_panid
                0x00008326       0xe0 contiki-sky.a(frame802154.o)
                0x00008326                frame802154_has_panid
 .text.field_len
                0x00008406       0xac contiki-sky.a(frame802154.o)
 .text.frame802154_is_broadcast_addr
                0x000084b2       0x28 contiki-sky.a(frame802154.o)
                0x000084b2                frame802154_is_broadcast_addr
 .text.frame802154_hdrlen
                0x000084da       0x32 contiki-sky.a(frame802154.o)
                0x000084da                frame802154_hdrlen
 .text.frame802154_create
                0x0000850c      0x16a contiki-sky.a(frame802154.o)
                0x0000850c                frame802154_create
 .text.frame802154_parse
                0x00008676      0x200 contiki-sky.a(frame802154.o)
                0x00008676                frame802154_parse
 .text.libgcc   0x00008876       0x2c /usr/local/msp430/bin/../lib/gcc/msp430/4.7.0/mmpy-16/libgcc.a(_mulsi3.o)
                0x00008876                __mulsi3
 .text.libgcc   0x000088a2       0x40 /usr/local/msp430/bin/../lib/gcc/msp430/4.7.0/mmpy-16/libgcc.a(_udivmod32.o)
                0x000088a2                __udivsi3
                0x000088a2                __ext_udivmod32
                0x000088d8                __umodsi3
 .text.atoi     0x000088e2       0x8a /usr/local/msp430/bin/../lib/gcc/msp430/4.7.0/../../../../msp430/lib/mmpy-16/libc.a(atoi.o)
                0x000088e2                atoi
 .text.printf   0x0000896c       0x10 /usr/local/msp430/bin/../lib/gcc/msp430/4.7.0/../../../../msp430/lib/mmpy-16/libc.a(printf.o)
                0x0000896c                printf
 .text.print_field
                0x0000897c      0x194 /usr/local/msp430/bin/../lib/gcc/msp430/4.7.0/../../../../msp430/lib/mmpy-16/libc.a(vuprintf.o)
 .text.vuprintf
                0x00008b10      0x63c /usr/local/msp430/bin/../lib/gcc/msp430/4.7.0/../../../../msp430/lib/mmpy-16/libc.a(vuprintf.o)
                0x00008b10                vuprintf
 .text.puts     0x0000914c       0x2c /usr/local/msp430/bin/../lib/gcc/msp430/4.7.0/../../../../msp430/lib/mmpy-16/libc.a(puts.o)
                0x0000914c                puts
 .text.rand     0x00009178       0x26 /usr/local/msp430/bin/../lib/gcc/msp430/4.7.0/../../../../msp430/lib/mmpy-16/libc.a(rand.o)
                0x00009178                rand
 .text.srand    0x0000919e        0xa /usr/local/msp430/bin/../lib/gcc/msp430/4.7.0/../../../../msp430/lib/mmpy-16/libc.a(rand.o)
                0x0000919e                srand
 .text.memcmp   0x000091a8       0x30 /usr/local/msp430/bin/../lib/gcc/msp430/4.7.0/../../../../msp430/lib/mmpy-16/libc.a(memcmp.o)
                0x000091a8                memcmp
 .text.memcpy   0x000091d8       0xfa /usr/local/msp430/bin/../lib/gcc/msp430/4.7.0/../../../../msp430/lib/mmpy-16/libc.a(memcpy.o)
                0x000091d8                memcpy
 .text.memset   0x000092d2       0x6a /usr/local/msp430/bin/../lib/gcc/msp430/4.7.0/../../../../msp430/lib/mmpy-16/libc.a(memset.o)
                0x000092d2                memset
 .text.libgcc   0x0000933c       0x22 /usr/local/msp430/bin/../lib/gcc/msp430/4.7.0/mmpy-16/libgcc.a(_udivmod16.o)
                0x0000933c                __udivhi3
                0x0000933c                __ext_udivmod16
                0x00009356                __umodhi3
 .text.libgcc   0x0000935e       0xf0 /usr/local/msp430/bin/../lib/gcc/msp430/4.7.0/mmpy-16/libgcc.a(_udivmod64.o)
                0x0000935e                __xabi_udivmod64
                0x000093bc                __udivdi3
                0x000093e2                __umoddi3
                0x00009410                __udivmoddi4
 .text.crt0     0x0000944e        0x2 /usr/local/msp430/bin/../lib/gcc/msp430/4.7.0/mmpy-16/libcrt0.a(_unexpected_.o)
                0x0000944e                _unexpected_
 *(.near.text .near.text.*)

.rodata         0x00009450      0x3e5
                0x00009450                . = ALIGN (0x2)
 *(.rodata .rodata.* .gnu.linkonce.r.*)
 .rodata        0x00009450       0x86 naiveflooding.co
                0x000094be                autostart_processes
 .rodata        0x000094d6       0xe5 obj_sky/contiki-sky-main.o
 .rodata        0x000095bb      0x148 contiki-sky.a(powertrace.o)
 *fill*         0x00009703        0x1 00
 .rodata        0x00009704       0x10 contiki-sky.a(button-sensor.o)
                0x0000970c                button_sensor
 .rodata        0x00009714        0x8 contiki-sky.a(sensors.o)
 .rodata.get_value
                0x0000971c       0x24 contiki-sky.a(cc2420.o)
 .rodata.set_value
                0x00009740       0x10 contiki-sky.a(cc2420.o)
 .rodata        0x00009750       0x3e contiki-sky.a(cc2420.o)
                0x00009750                cc2420_aes_128_driver
                0x00009754                cc2420_driver
 .rodata        0x0000978e        0xf contiki-sky.a(ctimer.o)
 .rodata        0x0000979d        0xc contiki-sky.a(etimer.o)
 .rodata        0x000097a9        0xe contiki-sky.a(serial-line.o)
 *fill*         0x000097b7        0x1 00
 .rodata        0x000097b8        0x8 contiki-sky.a(broadcast.o)
 .rodata        0x000097c0        0xc contiki-sky.a(rime.o)
                0x000097c6                rime_driver
 .rodata        0x000097cc       0x14 contiki-sky.a(csma.o)
                0x000097d2                csma_driver
 .rodata        0x000097e0       0x18 contiki-sky.a(nullrdc.o)
                0x000097e8                nullrdc_driver
 .rodata        0x000097f8        0x2 contiki-sky.a(linkaddr.o)
                0x000097f8                linkaddr_null
 .rodata        0x000097fa        0x6 contiki-sky.a(contikimac-fram)
                0x000097fa                contikimac_framer
 .rodata        0x00009800       0x10 contiki-sky.a(nullsec.o)
                0x00009808                nullsec_driver
 .rodata        0x00009810        0x2 contiki-sky.a(abc.o)
 .rodata        0x00009812        0x4 contiki-sky.a(broadcast-annou)
 .rodata        0x00009816        0x6 contiki-sky.a(framer-802154.o)
                0x00009816                framer_802154
 .rodata        0x0000981c       0x10 contiki-sky.a(chameleon-bitop)
                0x0000981c                chameleon_bitopt
 .rodata        0x0000982c        0x2 contiki-sky.a(frame802154.o)
 .rodata.vuprintf
                0x0000982e        0x7 /usr/local/msp430/bin/../lib/gcc/msp430/4.7.0/../../../../msp430/lib/mmpy-16/libc.a(vuprintf.o)
 *(.near.rodata .near.rodata.*)
                0x00009836                . = ALIGN (0x2)
                0x00009836                _etext = .

.data           0x00001100       0x90 load address 0x00009836
                0x00001100                . = ALIGN (0x2)
                0x00001100                __data_start = .
 *(.data .data.* .gnu.linkonce.d.*)
 .data          0x00001100        0xa naiveflooding.co
                0x00001100                main_process
 .data          0x0000110a       0x1e contiki-sky.a(powertrace.o)
                0x0000110a                powertrace_process
 .data          0x00001128        0x4 contiki-sky.a(contiki-sky-pla)
                0x00001128                sensors
 .data          0x0000112c        0xa contiki-sky.a(sensors.o)
                0x0000112c                sensors_process
 .data          0x00001136        0xc contiki-sky.a(cc2420.o)
                0x00001136                cc2420_process
 .data          0x00001142        0x2 contiki-sky.a(msp430.o)
 .data          0x00001144        0xa contiki-sky.a(ctimer.o)
                0x00001144                ctimer_process
 .data          0x0000114e        0xa contiki-sky.a(etimer.o)
                0x0000114e                etimer_process
 .data          0x00001158        0xa contiki-sky.a(serial-line.o)
                0x00001158                serial_line_process
 .data          0x00001162       0x18 contiki-sky.a(csma.o)
 .data          0x0000117a       0x10 contiki-sky.a(queuebuf.o)
 .data          0x0000118a        0x2 contiki-sky.a(frame802154.o)
 .data.next     0x0000118c        0x4 /usr/local/msp430/bin/../lib/gcc/msp430/4.7.0/../../../../msp430/lib/mmpy-16/libc.a(rand.o)
 *(.near.data .near.data.*)
                0x00001190                . = ALIGN (0x2)
                0x00001190                _edata = .
                0x00009836                __data_load_start = LOADADDR (.data)
                0x00000090                __data_size = SIZEOF (.data)

.bss            0x00001190     0x1436 load address 0x000098c6
                0x00001190                __bss_start = .
 *(.bss .bss.*)
 .bss           0x00001190       0x20 naiveflooding.co
 .bss           0x000011b0        0xc obj_sky/contiki-sky-main.o
 .bss           0x000011bc      0x2fe contiki-sky.a(powertrace.o)
 .bss           0x000014ba        0x8 contiki-sky.a(button-sensor.o)
 .bss           0x000014c2        0x2 contiki-sky.a(node-id.o)
                0x000014c2                node_id
 .bss           0x000014c4        0x6 contiki-sky.a(sensors.o)
 .bss           0x000014ca        0xa contiki-sky.a(cc2420.o)
 .bss           0x000014d4       0x9a contiki-sky.a(uart1.o)
 .bss           0x0000156e        0xa contiki-sky.a(clock.o)
 .bss           0x00001578        0x1 contiki-sky.a(leds.o)
 *fill*         0x00001579        0x1 00
 .bss           0x0000157a        0x2 contiki-sky.a(watchdog.o)
 .bss           0x0000157c        0x4 contiki-sky.a(ctimer.o)
 .bss           0x00001580        0x6 contiki-sky.a(etimer.o)
 .bss           0x00001586       0x38 contiki-sky.a(process.o)
                0x00001586                process_current
                0x00001588                process_list
 .bss           0x000015be        0x2 contiki-sky.a(rtimer.o)
 .bss           0x000015c0      0x10a contiki-sky.a(serial-line.o)
 .bss           0x000016ca        0x2 contiki-sky.a(channel.o)
 .bss           0x000016cc        0x2 contiki-sky.a(rime.o)
 .bss           0x000016ce      0x124 contiki-sky.a(csma.o)
 .bss           0x000017f2       0x86 contiki-sky.a(packetbuf.o)
 .bss           0x00001878      0xc20 contiki-sky.a(queuebuf.o)
 .bss           0x00002498        0x6 contiki-sky.a(announcement.o)
 .bss           0x0000249e       0x46 contiki-sky.a(broadcast-annou)
 .bss           0x000024e4        0x2 contiki-sky.a(framer-802154.o)
 *(.near.bss .near.bss.*)
 *(COMMON)
 COMMON         0x000024e6       0x24 naiveflooding.co
                0x000024e6                payload_send
                0x000024f8                payload_recv
 COMMON         0x0000250a        0x2 contiki-sky.a(contiki-sky-pla)
                0x0000250a                sensors_flags
 COMMON         0x0000250c        0x8 contiki-sky.a(ds2411.o)
                0x0000250c                ds2411_id
 COMMON         0x00002514        0x1 contiki-sky.a(sensors.o)
                0x00002514                sensors_event
 *fill*         0x00002515        0x1 00
 COMMON         0x00002516       0x10 contiki-sky.a(cc2420.o)
                0x00002516                cc2420_last_rssi
                0x00002518                cc2420_sfd_start_time
                0x0000251a                cc2420_time_of_departure
                0x0000251c                cc2420_time_of_arrival
                0x0000251e                cc2420_last_correlation
                0x00002520                cc2420_authority_level_of_sender
                0x00002522                cc2420_sfd_counter
                0x00002524                cc2420_sfd_end_time
 COMMON         0x00002526        0x2 contiki-sky.a(msp430.o)
                0x00002526                msp430_dco_required
 COMMON         0x00002528        0x8 contiki-sky.a(compower.o)
                0x00002528                compower_idle_activity
 COMMON         0x00002530       0x56 contiki-sky.a(energest.o)
                0x00002530                energest_total_time
                0x00002560                energest_total_count
                0x00002562                energest_current_mode
                0x0000256e                energest_current_time
 COMMON         0x00002586        0x1 contiki-sky.a(process.o)
                0x00002586                process_maxevents
 COMMON         0x00002587        0x1 contiki-sky.a(serial-line.o)
                0x00002587                serial_line_event_message
 COMMON         0x00002588        0x2 contiki-sky.a(linkaddr.o)
                0x00002588                linkaddr_node_addr
 COMMON         0x0000258a       0x3c contiki-sky.a(packetbuf.o)
                0x0000258a                packetbuf_addrs
                0x00002592                packetbuf_attrs
                0x000025c6                . = ALIGN (0x2)
                0x000025c6                __bss_end = .
                0x00001436                __bss_size = SIZEOF (.bss)

.noinit         0x000025c6        0x2 load address 0x000098c6
                0x000025c6                . = ALIGN (0x2)
                0x000025c6                __noinit_start = .
 *(.noinit .noinit.*)
 .noinit.crt0   0x000025c6        0x2 /usr/local/msp430/bin/../lib/gcc/msp430/4.7.0/mmpy-16/libcrt0.a(__watchdog_support.o)
                0x000025c6                __wdt_clear_value
                0x000025c8                . = ALIGN (0x2)
                0x000025c8                __noinit_end = .
                0x000025c8                . = ALIGN (0x2)
                0x000025c8                _end = .

.infomem        0x00001000        0x0
                0x00001000                . = ALIGN (0x2)
 *(.infomem .infomem.*)

.infomemnobits  0x00001000        0x0
                0x00001000                . = ALIGN (0x2)
 *(.infomemnobits .infomemnobits.*)

.infoa          0x00001080        0x0
                0x00001080                . = ALIGN (0x2)
 *(.infoa .infoa.*)

.infob          0x00001000        0x0
                0x00001000                . = ALIGN (0x2)
 *(.infob .infob.*)

.infoc          0x00000000        0x0
                0x00000000                . = ALIGN (0x2)
 *(.infoc .infoc.*)

.infod          0x00000000        0x0
                0x00000000                . = ALIGN (0x2)
 *(.infod .infod.*)

.vectors        0x0000ffe0       0x20
                0x0000ffe0                __vectors_start = .
 *(.vectors*)
 .vectors       0x0000ffe0       0x20 /usr/local/msp430/bin/../lib/gcc/msp430/4.7.0/mmpy-16/crt0ivtbl16.o
                0x0000ffe0                __ivtbl_16
                0x00010000                _vectors_end = .

.fartext        0x00000000        0x0
                0x00000000                . = ALIGN (0x2)
 *(.fartext .fartext.*)

.far.text       0x00000000        0x0
                0x00000000                . = ALIGN (0x2)
 *(.far.text .far.text.*)

.far.rodata     0x00000000        0x0
                0x00000000                . = ALIGN (0x2)
 *(.far.rodata .far.rodata.*)
                0x00000000                . = ALIGN (0x2)
                0x00000000                _efartext = .

.far.data       0x00000000        0x0
                0x00000000                . = ALIGN (0x2)
                0x00000000                __far_data_start = .
 *(.far.data .far.data.*)
                0x00000000                . = ALIGN (0x2)
                0x00000000                _efardata = .
                0x00000000                __far_data_load_start = LOADADDR (.far.data)
                0x00000000                __far_data_size = SIZEOF (.far.data)

.far.bss        0x00000000        0x0
                0x00000000                . = ALIGN (0x2)
                0x00000000                __far_bss_start = .
 *(.far.bss .far.bss.*)
                0x00000000                . = ALIGN (0x2)
                0x00000000                __far_bss_end = .
                0x00000000                __far_bss_size = SIZEOF (.far.bss)
                0x00000000                . = ALIGN (0x2)
                0x00000000                _far_end = .

.profiler
 *(.profiler)

.stab           0x00000000    0x1935c
 *(.stab)
 .stab          0x00000000     0x1404 naiveflooding.co
 .stab          0x00001404     0x1074 obj_sky/contiki-sky-main.o
                               0x17a0 (size before relaxing)
 .stab          0x00002478     0x1284 contiki-sky.a(powertrace.o)
                               0x1d94 (size before relaxing)
 .stab          0x000036fc      0x258 contiki-sky.a(contiki-sky-pla)
                                0x5ac (size before relaxing)
 .stab          0x00003954      0x468 contiki-sky.a(button-sensor.o)
                                0x7d4 (size before relaxing)
 .stab          0x00003dbc      0x618 contiki-sky.a(ds2411.o)
                                0xb34 (size before relaxing)
 .stab          0x000043d4      0x9d8 contiki-sky.a(xmem.o)
                                0xf00 (size before relaxing)
 .stab          0x00004dac      0x2b8 contiki-sky.a(node-id.o)
                                0x4e0 (size before relaxing)
 .stab          0x00005064      0x69c contiki-sky.a(sensors.o)
                                0xbb8 (size before relaxing)
 .stab          0x00005700     0x2898 contiki-sky.a(cc2420.o)
                               0x2fc4 (size before relaxing)
 .stab          0x00007f98      0xa38 contiki-sky.a(cc2420-arch.o)
                               0x13ec (size before relaxing)
 .stab          0x000089d0      0x600 contiki-sky.a(uart1.o)
                                0x954 (size before relaxing)
 .stab          0x00008fd0      0x234 contiki-sky.a(uart1-putchar.o)
                                0x588 (size before relaxing)
 .stab          0x00009204      0x72c contiki-sky.a(msp430.o)
                                0xa80 (size before relaxing)
 .stab          0x00009930      0x930 contiki-sky.a(clock.o)
                                0xc84 (size before relaxing)
 .stab          0x0000a260      0x5a0 contiki-sky.a(leds.o)
                                0x7ec (size before relaxing)
 .stab          0x0000a800      0x378 contiki-sky.a(leds-arch.o)
                                0x6cc (size before relaxing)
 .stab          0x0000ab78      0x3cc contiki-sky.a(watchdog.o)
                                0x720 (size before relaxing)
 .stab          0x0000af44      0x3b4 contiki-sky.a(rtimer-arch.o)
                                0x708 (size before relaxing)
 .stab          0x0000b2f8      0x294 contiki-sky.a(autostart.o)
                                0x534 (size before relaxing)
 .stab          0x0000b58c      0x558 contiki-sky.a(compower.o)
                                0xcf0 (size before relaxing)
 .stab          0x0000bae4      0x834 contiki-sky.a(ctimer.o)
                                0xba0 (size before relaxing)
 .stab          0x0000c318      0x474 contiki-sky.a(energest.o)
                                0x6fc (size before relaxing)
 .stab          0x0000c78c      0xa80 contiki-sky.a(etimer.o)
                                0xd50 (size before relaxing)
 .stab          0x0000d20c      0xb94 contiki-sky.a(process.o)
                               0x102c (size before relaxing)
 .stab          0x0000dda0      0x39c contiki-sky.a(rtimer.o)
                                0x6b4 (size before relaxing)
 .stab          0x0000e13c      0x348 contiki-sky.a(timer.o)
                                0x588 (size before relaxing)
 .stab          0x0000e484      0x51c contiki-sky.a(serial-line.o)
                                0xa38 (size before relaxing)
 .stab          0x0000e9a0      0x7bc contiki-sky.a(list.o)
                                0x7c8 (size before relaxing)
 .stab          0x0000f15c      0x5c4 contiki-sky.a(memb.o)
                                0xaf8 (size before relaxing)
 .stab          0x0000f720      0x21c contiki-sky.a(random.o)
                                0x618 (size before relaxing)
 .stab          0x0000f93c      0x3f0 contiki-sky.a(ringbuf.o)
                                0x630 (size before relaxing)
 .stab          0x0000fd2c      0x6cc contiki-sky.a(broadcast.o)
                               0x14f4 (size before relaxing)
 .stab          0x000103f8      0x654 contiki-sky.a(channel.o)
                               0x1278 (size before relaxing)
 .stab          0x00010a4c      0xba0 contiki-sky.a(rime.o)
                               0x13ec (size before relaxing)
 .stab          0x000115ec      0xcf0 contiki-sky.a(csma.o)
                               0x1680 (size before relaxing)
 .stab          0x000122dc      0x1f8 contiki-sky.a(mac.o)
                                0x4ec (size before relaxing)
 .stab          0x000124d4      0x6f0 contiki-sky.a(nullrdc.o)
                               0x1038 (size before relaxing)
 .stab          0x00012bc4      0x2ac contiki-sky.a(linkaddr.o)
                                0x6a8 (size before relaxing)
 .stab          0x00012e70      0xc9c contiki-sky.a(packetbuf.o)
                               0x1adc (size before relaxing)
 .stab          0x00013b0c      0xa38 contiki-sky.a(queuebuf.o)
                               0x1860 (size before relaxing)
 .stab          0x00014544      0x810 contiki-sky.a(contikimac-fram)
                                0xe4c (size before relaxing)
 .stab          0x00014d54      0x39c contiki-sky.a(nullsec.o)
                                0xccc (size before relaxing)
 .stab          0x000150f0      0x1f8 contiki-sky.a(spi.o)
                                0x420 (size before relaxing)
 .stab          0x000152e8      0x660 contiki-sky.a(abc.o)
                               0x1488 (size before relaxing)
 .stab          0x00015948      0x6b4 contiki-sky.a(announcement.o)
                                0x954 (size before relaxing)
 .stab          0x00015ffc      0x948 contiki-sky.a(broadcast-annou)
                               0x15c0 (size before relaxing)
 .stab          0x00016944      0x588 contiki-sky.a(chameleon.o)
                               0x1230 (size before relaxing)
 .stab          0x00016ecc      0x6d8 contiki-sky.a(framer-802154.o)
                                0xf18 (size before relaxing)
 .stab          0x000175a4      0xd44 contiki-sky.a(chameleon-bitop)
                               0x19bc (size before relaxing)
 .stab          0x000182e8     0x1074 contiki-sky.a(frame802154.o)
                               0x1860 (size before relaxing)

.stabstr        0x00000000    0x1540e
 *(.stabstr)
 .stabstr       0x00000000    0x1540e naiveflooding.co

.stab.excl
 *(.stab.excl)

.stab.exclstr
 *(.stab.exclstr)

.stab.index
 *(.stab.index)

.stab.indexstr
 *(.stab.indexstr)

.comment        0x00000000       0x30
 *(.comment)
 .comment       0x00000000       0x30 naiveflooding.co
                                 0x31 (size before relaxing)
 .comment       0x00000000       0x31 obj_sky/contiki-sky-main.o
 .comment       0x00000000       0x31 contiki-sky.a(powertrace.o)
 .comment       0x00000000       0x31 contiki-sky.a(contiki-sky-pla)
 .comment       0x00000000       0x31 contiki-sky.a(button-sensor.o)
 .comment       0x00000000       0x31 contiki-sky.a(ds2411.o)
 .comment       0x00000000       0x31 contiki-sky.a(xmem.o)
 .comment       0x00000000       0x31 contiki-sky.a(node-id.o)
 .comment       0x00000000       0x31 contiki-sky.a(sensors.o)
 .comment       0x00000000       0x31 contiki-sky.a(cc2420.o)
 .comment       0x00000000       0x31 contiki-sky.a(cc2420-arch.o)
 .comment       0x00000000       0x31 contiki-sky.a(uart1.o)
 .comment       0x00000000       0x31 contiki-sky.a(uart1-putchar.o)
 .comment       0x00000000       0x31 contiki-sky.a(msp430.o)
 .comment       0x00000000       0x31 contiki-sky.a(clock.o)
 .comment       0x00000000       0x31 contiki-sky.a(leds.o)
 .comment       0x00000000       0x31 contiki-sky.a(leds-arch.o)
 .comment       0x00000000       0x31 contiki-sky.a(watchdog.o)
 .comment       0x00000000       0x31 contiki-sky.a(rtimer-arch.o)
 .comment       0x00000000       0x31 contiki-sky.a(autostart.o)
 .comment       0x00000000       0x31 contiki-sky.a(compower.o)
 .comment       0x00000000       0x31 contiki-sky.a(ctimer.o)
 .comment       0x00000000       0x31 contiki-sky.a(energest.o)
 .comment       0x00000000       0x31 contiki-sky.a(etimer.o)
 .comment       0x00000000       0x31 contiki-sky.a(process.o)
 .comment       0x00000000       0x31 contiki-sky.a(rtimer.o)
 .comment       0x00000000       0x31 contiki-sky.a(timer.o)
 .comment       0x00000000       0x31 contiki-sky.a(serial-line.o)
 .comment       0x00000000       0x31 contiki-sky.a(list.o)
 .comment       0x00000000       0x31 contiki-sky.a(memb.o)
 .comment       0x00000000       0x31 contiki-sky.a(random.o)
 .comment       0x00000000       0x31 contiki-sky.a(ringbuf.o)
 .comment       0x00000000       0x31 contiki-sky.a(broadcast.o)
 .comment       0x00000000       0x31 contiki-sky.a(channel.o)
 .comment       0x00000000       0x31 contiki-sky.a(rime.o)
 .comment       0x00000000       0x31 contiki-sky.a(csma.o)
 .comment       0x00000000       0x31 contiki-sky.a(mac.o)
 .comment       0x00000000       0x31 contiki-sky.a(nullrdc.o)
 .comment       0x00000000       0x31 contiki-sky.a(linkaddr.o)
 .comment       0x00000000       0x31 contiki-sky.a(packetbuf.o)
 .comment       0x00000000       0x31 contiki-sky.a(queuebuf.o)
 .comment       0x00000000       0x31 contiki-sky.a(contikimac-fram)
 .comment       0x00000000       0x31 contiki-sky.a(nullsec.o)
 .comment       0x00000000       0x31 contiki-sky.a(spi.o)
 .comment       0x00000000       0x31 contiki-sky.a(abc.o)
 .comment       0x00000000       0x31 contiki-sky.a(announcement.o)
 .comment       0x00000000       0x31 contiki-sky.a(broadcast-annou)
 .comment       0x00000000       0x31 contiki-sky.a(chameleon.o)
 .comment       0x00000000       0x31 contiki-sky.a(framer-802154.o)
 .comment       0x00000000       0x31 contiki-sky.a(chameleon-bitop)
 .comment       0x00000000       0x31 contiki-sky.a(frame802154.o)
 .comment       0x00000000       0x31 /usr/local/msp430/bin/../lib/gcc/msp430/4.7.0/../../../../msp430/lib/mmpy-16/libc.a(atoi.o)
 .comment       0x00000000       0x31 /usr/local/msp430/bin/../lib/gcc/msp430/4.7.0/../../../../msp430/lib/mmpy-16/libc.a(printf.o)
 .comment       0x00000000       0x31 /usr/local/msp430/bin/../lib/gcc/msp430/4.7.0/../../../../msp430/lib/mmpy-16/libc.a(vuprintf.o)
 .comment       0x00000000       0x31 /usr/local/msp430/bin/../lib/gcc/msp430/4.7.0/../../../../msp430/lib/mmpy-16/libc.a(puts.o)
 .comment       0x00000000       0x31 /usr/local/msp430/bin/../lib/gcc/msp430/4.7.0/../../../../msp430/lib/mmpy-16/libc.a(rand.o)
 .comment       0x00000000       0x31 /usr/local/msp430/bin/../lib/gcc/msp430/4.7.0/../../../../msp430/lib/mmpy-16/libc.a(memcmp.o)
 .comment       0x00000000       0x31 /usr/local/msp430/bin/../lib/gcc/msp430/4.7.0/../../../../msp430/lib/mmpy-16/libc.a(memcpy.o)
 .comment       0x00000000       0x31 /usr/local/msp430/bin/../lib/gcc/msp430/4.7.0/../../../../msp430/lib/mmpy-16/libc.a(memset.o)

.debug
 *(.debug)

.line
 *(.line)

.debug_srcinfo
 *(.debug_srcinfo)

.debug_sfnames
 *(.debug_sfnames)

.debug_aranges  0x00000000      0x18c
 *(.debug_aranges)
 .debug_aranges
                0x00000000       0x14 /usr/local/msp430/bin/../lib/gcc/msp430/4.7.0/mmpy-16/crt0ivtbl16.o
 .debug_aranges
                0x00000014       0x14 /usr/local/msp430/bin/../lib/gcc/msp430/4.7.0/mmpy-16/libgcc.a(_mulsi3.o)
 .debug_aranges
                0x00000028       0x14 /usr/local/msp430/bin/../lib/gcc/msp430/4.7.0/mmpy-16/libgcc.a(_udivmod32.o)
 .debug_aranges
                0x0000003c       0x14 /usr/local/msp430/bin/../lib/gcc/msp430/4.7.0/../../../../msp430/lib/mmpy-16/libc.a(atoi.o)
 .debug_aranges
                0x00000050       0x18 /usr/local/msp430/bin/../lib/gcc/msp430/4.7.0/../../../../msp430/lib/mmpy-16/libc.a(printf.o)
 .debug_aranges
                0x00000068       0x18 /usr/local/msp430/bin/../lib/gcc/msp430/4.7.0/../../../../msp430/lib/mmpy-16/libc.a(vuprintf.o)
 .debug_aranges
                0x00000080       0x14 /usr/local/msp430/bin/../lib/gcc/msp430/4.7.0/../../../../msp430/lib/mmpy-16/libc.a(puts.o)
 .debug_aranges
                0x00000094       0x1c /usr/local/msp430/bin/../lib/gcc/msp430/4.7.0/../../../../msp430/lib/mmpy-16/libc.a(rand.o)
 .debug_aranges
                0x000000b0       0x14 /usr/local/msp430/bin/../lib/gcc/msp430/4.7.0/../../../../msp430/lib/mmpy-16/libc.a(memcmp.o)
 .debug_aranges
                0x000000c4       0x14 /usr/local/msp430/bin/../lib/gcc/msp430/4.7.0/../../../../msp430/lib/mmpy-16/libc.a(memcpy.o)
 .debug_aranges
                0x000000d8       0x14 /usr/local/msp430/bin/../lib/gcc/msp430/4.7.0/../../../../msp430/lib/mmpy-16/libc.a(memset.o)
 .debug_aranges
                0x000000ec       0x14 /usr/local/msp430/bin/../lib/gcc/msp430/4.7.0/mmpy-16/libgcc.a(_udivmod16.o)
 .debug_aranges
                0x00000100       0x14 /usr/local/msp430/bin/../lib/gcc/msp430/4.7.0/mmpy-16/libgcc.a(_udivmod64.o)
 .debug_aranges
                0x00000114       0x14 /usr/local/msp430/bin/../lib/gcc/msp430/4.7.0/mmpy-16/libcrt0.a(__watchdog_support.o)
 .debug_aranges
                0x00000128       0x14 /usr/local/msp430/bin/../lib/gcc/msp430/4.7.0/mmpy-16/libcrt0.a(__init_stack.o)
 .debug_aranges
                0x0000013c       0x14 /usr/local/msp430/bin/../lib/gcc/msp430/4.7.0/mmpy-16/libcrt0.a(_copy_data.o)
 .debug_aranges
                0x00000150       0x14 /usr/local/msp430/bin/../lib/gcc/msp430/4.7.0/mmpy-16/libcrt0.a(_clear_bss.o)
 .debug_aranges
                0x00000164       0x14 /usr/local/msp430/bin/../lib/gcc/msp430/4.7.0/mmpy-16/libcrt0.a(_endless_loop__.o)
 .debug_aranges
                0x00000178       0x14 /usr/local/msp430/bin/../lib/gcc/msp430/4.7.0/mmpy-16/libcrt0.a(_unexpected_.o)

.debug_pubnames
 *(.debug_pubnames)

.debug_info     0x00000000     0x13af
 *(.debug_info)
 .debug_info    0x00000000       0x9b /usr/local/msp430/bin/../lib/gcc/msp430/4.7.0/mmpy-16/crt0ivtbl16.o
 .debug_info    0x0000009b       0x98 /usr/local/msp430/bin/../lib/gcc/msp430/4.7.0/mmpy-16/libgcc.a(_mulsi3.o)
 .debug_info    0x00000133       0x98 /usr/local/msp430/bin/../lib/gcc/msp430/4.7.0/mmpy-16/libgcc.a(_udivmod32.o)
 .debug_info    0x000001cb       0xb9 /usr/local/msp430/bin/../lib/gcc/msp430/4.7.0/../../../../msp430/lib/mmpy-16/libc.a(atoi.o)
 .debug_info    0x00000284      0x16e /usr/local/msp430/bin/../lib/gcc/msp430/4.7.0/../../../../msp430/lib/mmpy-16/libc.a(printf.o)
 .debug_info    0x000003f2      0x5d4 /usr/local/msp430/bin/../lib/gcc/msp430/4.7.0/../../../../msp430/lib/mmpy-16/libc.a(vuprintf.o)
 .debug_info    0x000009c6       0xc7 /usr/local/msp430/bin/../lib/gcc/msp430/4.7.0/../../../../msp430/lib/mmpy-16/libc.a(puts.o)
 .debug_info    0x00000a8d      0x146 /usr/local/msp430/bin/../lib/gcc/msp430/4.7.0/../../../../msp430/lib/mmpy-16/libc.a(rand.o)
 .debug_info    0x00000bd3       0xe5 /usr/local/msp430/bin/../lib/gcc/msp430/4.7.0/../../../../msp430/lib/mmpy-16/libc.a(memcmp.o)
 .debug_info    0x00000cb8      0x12c /usr/local/msp430/bin/../lib/gcc/msp430/4.7.0/../../../../msp430/lib/mmpy-16/libc.a(memcpy.o)
 .debug_info    0x00000de4      0x117 /usr/local/msp430/bin/../lib/gcc/msp430/4.7.0/../../../../msp430/lib/mmpy-16/libc.a(memset.o)
 .debug_info    0x00000efb       0x98 /usr/local/msp430/bin/../lib/gcc/msp430/4.7.0/mmpy-16/libgcc.a(_udivmod16.o)
 .debug_info    0x00000f93       0x98 /usr/local/msp430/bin/../lib/gcc/msp430/4.7.0/mmpy-16/libgcc.a(_udivmod64.o)
 .debug_info    0x0000102b       0x96 /usr/local/msp430/bin/../lib/gcc/msp430/4.7.0/mmpy-16/libcrt0.a(__watchdog_support.o)
 .debug_info    0x000010c1       0x96 /usr/local/msp430/bin/../lib/gcc/msp430/4.7.0/mmpy-16/libcrt0.a(__init_stack.o)
 .debug_info    0x00001157       0x96 /usr/local/msp430/bin/../lib/gcc/msp430/4.7.0/mmpy-16/libcrt0.a(_copy_data.o)
 .debug_info    0x000011ed       0x96 /usr/local/msp430/bin/../lib/gcc/msp430/4.7.0/mmpy-16/libcrt0.a(_clear_bss.o)
 .debug_info    0x00001283       0x96 /usr/local/msp430/bin/../lib/gcc/msp430/4.7.0/mmpy-16/libcrt0.a(_endless_loop__.o)
 .debug_info    0x00001319       0x96 /usr/local/msp430/bin/../lib/gcc/msp430/4.7.0/mmpy-16/libcrt0.a(_unexpected_.o)
 *(.gnu.linkonce.wi.*)

.debug_abbrev   0x00000000      0x81f
 *(.debug_abbrev)
 .debug_abbrev  0x00000000       0x14 /usr/local/msp430/bin/../lib/gcc/msp430/4.7.0/mmpy-16/crt0ivtbl16.o
 .debug_abbrev  0x00000014       0x14 /usr/local/msp430/bin/../lib/gcc/msp430/4.7.0/mmpy-16/libgcc.a(_mulsi3.o)
 .debug_abbrev  0x00000028       0x14 /usr/local/msp430/bin/../lib/gcc/msp430/4.7.0/mmpy-16/libgcc.a(_udivmod32.o)
 .debug_abbrev  0x0000003c       0x83 /usr/local/msp430/bin/../lib/gcc/msp430/4.7.0/../../../../msp430/lib/mmpy-16/libc.a(atoi.o)
 .debug_abbrev  0x000000bf       0xfa /usr/local/msp430/bin/../lib/gcc/msp430/4.7.0/../../../../msp430/lib/mmpy-16/libc.a(printf.o)
 .debug_abbrev  0x000001b9      0x23e /usr/local/msp430/bin/../lib/gcc/msp430/4.7.0/../../../../msp430/lib/mmpy-16/libc.a(vuprintf.o)
 .debug_abbrev  0x000003f7       0xa3 /usr/local/msp430/bin/../lib/gcc/msp430/4.7.0/../../../../msp430/lib/mmpy-16/libc.a(puts.o)
 .debug_abbrev  0x0000049a       0xfb /usr/local/msp430/bin/../lib/gcc/msp430/4.7.0/../../../../msp430/lib/mmpy-16/libc.a(rand.o)
 .debug_abbrev  0x00000595       0x9e /usr/local/msp430/bin/../lib/gcc/msp430/4.7.0/../../../../msp430/lib/mmpy-16/libc.a(memcmp.o)
 .debug_abbrev  0x00000633       0xab /usr/local/msp430/bin/../lib/gcc/msp430/4.7.0/../../../../msp430/lib/mmpy-16/libc.a(memcpy.o)
 .debug_abbrev  0x000006de       0xa1 /usr/local/msp430/bin/../lib/gcc/msp430/4.7.0/../../../../msp430/lib/mmpy-16/libc.a(memset.o)
 .debug_abbrev  0x0000077f       0x14 /usr/local/msp430/bin/../lib/gcc/msp430/4.7.0/mmpy-16/libgcc.a(_udivmod16.o)
 .debug_abbrev  0x00000793       0x14 /usr/local/msp430/bin/../lib/gcc/msp430/4.7.0/mmpy-16/libgcc.a(_udivmod64.o)
 .debug_abbrev  0x000007a7       0x14 /usr/local/msp430/bin/../lib/gcc/msp430/4.7.0/mmpy-16/libcrt0.a(__watchdog_support.o)
 .debug_abbrev  0x000007bb       0x14 /usr/local/msp430/bin/../lib/gcc/msp430/4.7.0/mmpy-16/libcrt0.a(__init_stack.o)
 .debug_abbrev  0x000007cf       0x14 /usr/local/msp430/bin/../lib/gcc/msp430/4.7.0/mmpy-16/libcrt0.a(_copy_data.o)
 .debug_abbrev  0x000007e3       0x14 /usr/local/msp430/bin/../lib/gcc/msp430/4.7.0/mmpy-16/libcrt0.a(_clear_bss.o)
 .debug_abbrev  0x000007f7       0x14 /usr/local/msp430/bin/../lib/gcc/msp430/4.7.0/mmpy-16/libcrt0.a(_endless_loop__.o)
 .debug_abbrev  0x0000080b       0x14 /usr/local/msp430/bin/../lib/gcc/msp430/4.7.0/mmpy-16/libcrt0.a(_unexpected_.o)

.debug_line     0x00000000      0xc69
 *(.debug_line)
 .debug_line    0x00000000       0x64 /usr/local/msp430/bin/../lib/gcc/msp430/4.7.0/mmpy-16/crt0ivtbl16.o
 .debug_line    0x00000064       0x77 /usr/local/msp430/bin/../lib/gcc/msp430/4.7.0/mmpy-16/libgcc.a(_mulsi3.o)
 .debug_line    0x000000db       0x7f /usr/local/msp430/bin/../lib/gcc/msp430/4.7.0/mmpy-16/libgcc.a(_udivmod32.o)
 .debug_line    0x0000015a       0x6e /usr/local/msp430/bin/../lib/gcc/msp430/4.7.0/../../../../msp430/lib/mmpy-16/libc.a(atoi.o)
 .debug_line    0x000001c8       0xa9 /usr/local/msp430/bin/../lib/gcc/msp430/4.7.0/../../../../msp430/lib/mmpy-16/libc.a(printf.o)
 .debug_line    0x00000271      0x30a /usr/local/msp430/bin/../lib/gcc/msp430/4.7.0/../../../../msp430/lib/mmpy-16/libc.a(vuprintf.o)
 .debug_line    0x0000057b       0x65 /usr/local/msp430/bin/../lib/gcc/msp430/4.7.0/../../../../msp430/lib/mmpy-16/libc.a(puts.o)
 .debug_line    0x000005e0       0x68 /usr/local/msp430/bin/../lib/gcc/msp430/4.7.0/../../../../msp430/lib/mmpy-16/libc.a(rand.o)
 .debug_line    0x00000648       0x8f /usr/local/msp430/bin/../lib/gcc/msp430/4.7.0/../../../../msp430/lib/mmpy-16/libc.a(memcmp.o)
 .debug_line    0x000006d7      0x118 /usr/local/msp430/bin/../lib/gcc/msp430/4.7.0/../../../../msp430/lib/mmpy-16/libc.a(memcpy.o)
 .debug_line    0x000007ef       0xf2 /usr/local/msp430/bin/../lib/gcc/msp430/4.7.0/../../../../msp430/lib/mmpy-16/libc.a(memset.o)
 .debug_line    0x000008e1       0x70 /usr/local/msp430/bin/../lib/gcc/msp430/4.7.0/mmpy-16/libgcc.a(_udivmod16.o)
 .debug_line    0x00000951       0xc9 /usr/local/msp430/bin/../lib/gcc/msp430/4.7.0/mmpy-16/libgcc.a(_udivmod64.o)
 .debug_line    0x00000a1a       0x62 /usr/local/msp430/bin/../lib/gcc/msp430/4.7.0/mmpy-16/libcrt0.a(__watchdog_support.o)
 .debug_line    0x00000a7c       0x60 /usr/local/msp430/bin/../lib/gcc/msp430/4.7.0/mmpy-16/libcrt0.a(__init_stack.o)
 .debug_line    0x00000adc       0x66 /usr/local/msp430/bin/../lib/gcc/msp430/4.7.0/mmpy-16/libcrt0.a(_copy_data.o)
 .debug_line    0x00000b42       0x66 /usr/local/msp430/bin/../lib/gcc/msp430/4.7.0/mmpy-16/libcrt0.a(_clear_bss.o)
 .debug_line    0x00000ba8       0x61 /usr/local/msp430/bin/../lib/gcc/msp430/4.7.0/mmpy-16/libcrt0.a(_endless_loop__.o)
 .debug_line    0x00000c09       0x60 /usr/local/msp430/bin/../lib/gcc/msp430/4.7.0/mmpy-16/libcrt0.a(_unexpected_.o)

.debug_frame    0x00000000      0x1da
 *(.debug_frame)
 .debug_frame   0x00000000       0x24 /usr/local/msp430/bin/../lib/gcc/msp430/4.7.0/../../../../msp430/lib/mmpy-16/libc.a(atoi.o)
 .debug_frame   0x00000024       0x2a /usr/local/msp430/bin/../lib/gcc/msp430/4.7.0/../../../../msp430/lib/mmpy-16/libc.a(printf.o)
 .debug_frame   0x0000004e       0xa0 /usr/local/msp430/bin/../lib/gcc/msp430/4.7.0/../../../../msp430/lib/mmpy-16/libc.a(vuprintf.o)
 .debug_frame   0x000000ee       0x24 /usr/local/msp430/bin/../lib/gcc/msp430/4.7.0/../../../../msp430/lib/mmpy-16/libc.a(puts.o)
 .debug_frame   0x00000112       0x3c /usr/local/msp430/bin/../lib/gcc/msp430/4.7.0/../../../../msp430/lib/mmpy-16/libc.a(rand.o)
 .debug_frame   0x0000014e       0x28 /usr/local/msp430/bin/../lib/gcc/msp430/4.7.0/../../../../msp430/lib/mmpy-16/libc.a(memcmp.o)
 .debug_frame   0x00000176       0x32 /usr/local/msp430/bin/../lib/gcc/msp430/4.7.0/../../../../msp430/lib/mmpy-16/libc.a(memcpy.o)
 .debug_frame   0x000001a8       0x32 /usr/local/msp430/bin/../lib/gcc/msp430/4.7.0/../../../../msp430/lib/mmpy-16/libc.a(memset.o)

.debug_str      0x00000000      0x3f0
 *(.debug_str)
 .debug_str     0x00000000       0xbf /usr/local/msp430/bin/../lib/gcc/msp430/4.7.0/../../../../msp430/lib/mmpy-16/libc.a(atoi.o)
                                 0xf8 (size before relaxing)
 .debug_str     0x000000bf       0x49 /usr/local/msp430/bin/../lib/gcc/msp430/4.7.0/../../../../msp430/lib/mmpy-16/libc.a(printf.o)
                                0x136 (size before relaxing)
 .debug_str     0x00000108      0x218 /usr/local/msp430/bin/../lib/gcc/msp430/4.7.0/../../../../msp430/lib/mmpy-16/libc.a(vuprintf.o)
                                0x381 (size before relaxing)
 .debug_str     0x00000320       0x1d /usr/local/msp430/bin/../lib/gcc/msp430/4.7.0/../../../../msp430/lib/mmpy-16/libc.a(puts.o)
                                 0xfb (size before relaxing)
 .debug_str     0x0000033d       0x2f /usr/local/msp430/bin/../lib/gcc/msp430/4.7.0/../../../../msp430/lib/mmpy-16/libc.a(rand.o)
                                0x112 (size before relaxing)
 .debug_str     0x0000036c       0x20 /usr/local/msp430/bin/../lib/gcc/msp430/4.7.0/../../../../msp430/lib/mmpy-16/libc.a(memcmp.o)
                                 0xfe (size before relaxing)
 .debug_str     0x0000038c       0x3e /usr/local/msp430/bin/../lib/gcc/msp430/4.7.0/../../../../msp430/lib/mmpy-16/libc.a(memcpy.o)
                                0x12c (size before relaxing)
 .debug_str     0x000003ca       0x26 /usr/local/msp430/bin/../lib/gcc/msp430/4.7.0/../../../../msp430/lib/mmpy-16/libc.a(memset.o)
                                0x12a (size before relaxing)

.debug_loc      0x00000000      0xc66
 *(.debug_loc)
 .debug_loc     0x00000000       0x9a /usr/local/msp430/bin/../lib/gcc/msp430/4.7.0/../../../../msp430/lib/mmpy-16/libc.a(atoi.o)
 .debug_loc     0x0000009a       0x4c /usr/local/msp430/bin/../lib/gcc/msp430/4.7.0/../../../../msp430/lib/mmpy-16/libc.a(printf.o)
 .debug_loc     0x000000e6      0x7fa /usr/local/msp430/bin/../lib/gcc/msp430/4.7.0/../../../../msp430/lib/mmpy-16/libc.a(vuprintf.o)
 .debug_loc     0x000008e0       0x26 /usr/local/msp430/bin/../lib/gcc/msp430/4.7.0/../../../../msp430/lib/mmpy-16/libc.a(puts.o)
 .debug_loc     0x00000906       0x4f /usr/local/msp430/bin/../lib/gcc/msp430/4.7.0/../../../../msp430/lib/mmpy-16/libc.a(rand.o)
 .debug_loc     0x00000955       0x4d /usr/local/msp430/bin/../lib/gcc/msp430/4.7.0/../../../../msp430/lib/mmpy-16/libc.a(memcmp.o)
 .debug_loc     0x000009a2      0x1e3 /usr/local/msp430/bin/../lib/gcc/msp430/4.7.0/../../../../msp430/lib/mmpy-16/libc.a(memcpy.o)
 .debug_loc     0x00000b85       0xe1 /usr/local/msp430/bin/../lib/gcc/msp430/4.7.0/../../../../msp430/lib/mmpy-16/libc.a(memset.o)

.debug_macinfo
 *(.debug_macinfo)

.debug_pubtypes
 *(.debug_pubtypes)

.debug_ranges   0x00000000       0x68
 *(.debug_ranges)
 .debug_ranges  0x00000000        0x8 /usr/local/msp430/bin/../lib/gcc/msp430/4.7.0/../../../../msp430/lib/mmpy-16/libc.a(atoi.o)
 .debug_ranges  0x00000008        0xc /usr/local/msp430/bin/../lib/gcc/msp430/4.7.0/../../../../msp430/lib/mmpy-16/libc.a(printf.o)
 .debug_ranges  0x00000014       0x24 /usr/local/msp430/bin/../lib/gcc/msp430/4.7.0/../../../../msp430/lib/mmpy-16/libc.a(vuprintf.o)
 .debug_ranges  0x00000038        0x8 /usr/local/msp430/bin/../lib/gcc/msp430/4.7.0/../../../../msp430/lib/mmpy-16/libc.a(puts.o)
 .debug_ranges  0x00000040       0x10 /usr/local/msp430/bin/../lib/gcc/msp430/4.7.0/../../../../msp430/lib/mmpy-16/libc.a(rand.o)
 .debug_ranges  0x00000050        0x8 /usr/local/msp430/bin/../lib/gcc/msp430/4.7.0/../../../../msp430/lib/mmpy-16/libc.a(memcmp.o)
 .debug_ranges  0x00000058        0x8 /usr/local/msp430/bin/../lib/gcc/msp430/4.7.0/../../../../msp430/lib/mmpy-16/libc.a(memcpy.o)
 .debug_ranges  0x00000060        0x8 /usr/local/msp430/bin/../lib/gcc/msp430/4.7.0/../../../../msp430/lib/mmpy-16/libc.a(memset.o)
                0x00003900                PROVIDE (__stack, (ORIGIN (ram) + 0x2800))
                0x00009836                __data_start_rom = _etext
                0x000098c6                __data_end_rom = (_etext + SIZEOF (.data))
OUTPUT(naiveflooding.sky elf32-msp430)
